

================================================================
== Vivado HLS Report for 'nearest_neighbor_axim'
================================================================
* Date:           Mon Jul  2 18:19:56 2018

* Version:        2017.4.1 (Build 2117188 on Tue Jan 30 15:53:01 MST 2018)
* Project:        Nearest_neighbor
* Solution:       solution1
* Product family: zynq
* Target device:  xc7z010clg225-1


================================================================
== Performance Estimates
================================================================
+ Timing (ns): 
    * Summary: 
    +--------+-------+----------+------------+
    |  Clock | Target| Estimated| Uncertainty|
    +--------+-------+----------+------------+
    |ap_clk  |  10.00|      6.51|        1.25|
    +--------+-------+----------+------------+

+ Latency (clock cycles): 
    * Summary: 
    +-------+-------+-------+-------+---------+
    |    Latency    |    Interval   | Pipeline|
    |  min  |  max  |  min  |  max  |   Type  |
    +-------+-------+-------+-------+---------+
    |  33025|  33025|  33025|  33025|   none  |
    +-------+-------+-------+-------+---------+

    + Detail: 
        * Instance: 
        N/A

        * Loop: 
        +-------------+-------+-------+----------+-----------+-----------+------+----------+
        |             |    Latency    | Iteration|  Initiation Interval  | Trip |          |
        |  Loop Name  |  min  |  max  |  Latency |  achieved |   target  | Count| Pipelined|
        +-------------+-------+-------+----------+-----------+-----------+------+----------+
        |- Loop 1     |  33024|  33024|       258|          -|          -|   128|    no    |
        | + Loop 1.1  |    256|    256|         2|          -|          -|   128|    no    |
        +-------------+-------+-------+----------+-----------+-----------+------+----------+



================================================================
== Utilization Estimates
================================================================
* Summary: 
+-----------------+---------+-------+-------+-------+
|       Name      | BRAM_18K| DSP48E|   FF  |  LUT  |
+-----------------+---------+-------+-------+-------+
|DSP              |        -|      -|      -|      -|
|Expression       |        -|      -|      0|     77|
|FIFO             |        -|      -|      -|      -|
|Instance         |        -|      -|      -|      -|
|Memory           |        -|      -|      -|      -|
|Multiplexer      |        -|      -|      -|     45|
|Register         |        -|      -|     63|      -|
+-----------------+---------+-------+-------+-------+
|Total            |        0|      0|     63|    122|
+-----------------+---------+-------+-------+-------+
|Available        |      120|     80|  35200|  17600|
+-----------------+---------+-------+-------+-------+
|Utilization (%)  |        0|      0|   ~0  |   ~0  |
+-----------------+---------+-------+-------+-------+

+ Detail: 
    * Instance: 
    N/A

    * DSP48: 
    N/A

    * Memory: 
    N/A

    * FIFO: 
    N/A

    * Expression: 
    +--------------------+----------+-------+---+----+------------+------------+
    |    Variable Name   | Operation| DSP48E| FF| LUT| Bitwidth P0| Bitwidth P1|
    +--------------------+----------+-------+---+----+------------+------------+
    |tmp_7_fu_155_p2     |     +    |      0|  0|  21|          14|          14|
    |x_1_fu_127_p2       |     +    |      0|  0|  15|           8|           1|
    |y_1_fu_89_p2        |     +    |      0|  0|  15|           8|           1|
    |exitcond1_fu_83_p2  |   icmp   |      0|  0|  13|           8|           9|
    |exitcond_fu_121_p2  |   icmp   |      0|  0|  13|           8|           9|
    +--------------------+----------+-------+---+----+------------+------------+
    |Total               |          |      0|  0|  77|          46|          34|
    +--------------------+----------+-------+---+----+------------+------------+

    * Multiplexer: 
    +-----------+----+-----------+-----+-----------+
    |    Name   | LUT| Input Size| Bits| Total Bits|
    +-----------+----+-----------+-----+-----------+
    |ap_NS_fsm  |  27|          5|    1|          5|
    |x_reg_72   |   9|          2|    8|         16|
    |y_reg_61   |   9|          2|    8|         16|
    +-----------+----+-----------+-----+-----------+
    |Total      |  45|          9|   17|         37|
    +-----------+----+-----------+-----+-----------+

    * Register: 
    +-----------------------+----+----+-----+-----------+
    |          Name         | FF | LUT| Bits| Const Bits|
    +-----------------------+----+----+-----+-----------+
    |ap_CS_fsm              |   4|   0|    4|          0|
    |p_lshr_f_cast_reg_172  |   6|   0|    6|          0|
    |tmp_2_reg_177          |   7|   0|   14|          7|
    |tmp_7_reg_195          |  14|   0|   14|          0|
    |x_1_reg_185            |   8|   0|    8|          0|
    |x_reg_72               |   8|   0|    8|          0|
    |y_1_reg_167            |   8|   0|    8|          0|
    |y_reg_61               |   8|   0|    8|          0|
    +-----------------------+----+----+-----+-----------+
    |Total                  |  63|   0|   70|          7|
    +-----------------------+----+----+-----+-----------+



================================================================
== Interface
================================================================
* Summary: 
+-----------------+-----+-----+------------+-----------------------+--------------+
|    RTL Ports    | Dir | Bits|  Protocol  |     Source Object     |    C Type    |
+-----------------+-----+-----+------------+-----------------------+--------------+
|ap_clk           |  in |    1| ap_ctrl_hs | nearest_neighbor_axim | return value |
|ap_rst           |  in |    1| ap_ctrl_hs | nearest_neighbor_axim | return value |
|ap_start         |  in |    1| ap_ctrl_hs | nearest_neighbor_axim | return value |
|ap_done          | out |    1| ap_ctrl_hs | nearest_neighbor_axim | return value |
|ap_idle          | out |    1| ap_ctrl_hs | nearest_neighbor_axim | return value |
|ap_ready         | out |    1| ap_ctrl_hs | nearest_neighbor_axim | return value |
|ap_return        | out |   32| ap_ctrl_hs | nearest_neighbor_axim | return value |
|cam_fb_address0  | out |   12|  ap_memory |         cam_fb        |     array    |
|cam_fb_ce0       | out |    1|  ap_memory |         cam_fb        |     array    |
|cam_fb_q0        |  in |   32|  ap_memory |         cam_fb        |     array    |
|nn_fb_address0   | out |   14|  ap_memory |         nn_fb         |     array    |
|nn_fb_ce0        | out |    1|  ap_memory |         nn_fb         |     array    |
|nn_fb_we0        | out |    1|  ap_memory |         nn_fb         |     array    |
|nn_fb_d0         | out |   32|  ap_memory |         nn_fb         |     array    |
+-----------------+-----+-----+------------+-----------------------+--------------+

